python3 : EC:\Program 
Files\WindowsApps\Pyth
onSoftwareFoundation.P
ython.3.13_3.13.2544.0
_x64__qbz5n2kfra8p0\Li
b\unittest\mock.py:692
: RuntimeWarning: 
coroutine 'AsyncMockMi
xin._execute_mock_call
' was never awaited
At line:1 char:1
+ python3 verify_socia
l_revamp.py > 
test_output.txt 2>&1
+ ~~~~~~~~~~~~~~~~~~~~
~~~~~~~~~~~~~~~~~~~~~~
~~~~~~~~~~~~
    + CategoryInfo    
          : NotSpeci  
  fied: (EC:\Progra   
 m Fil...s never a    
waited:String) []    
, RemoteException
    + FullyQualifiedE 
   rrorId : NativeCo  
  mmandError
 
Coroutine created at 
(most recent call 
last)
  File "C:\Program Fil
es\WindowsApps\PythonS
oftwareFoundation.Pyth
on.3.13_3.13.2544.0_x6
4__qbz5n2kfra8p0\Lib\u
nittest\async_case.py"
, line 116, in 
_callMaybeAsync
    return self._async
ioRunner.run(
  File "C:\Program Fil
es\WindowsApps\PythonS
oftwareFoundation.Pyth
on.3.13_3.13.2544.0_x6
4__qbz5n2kfra8p0\Lib\a
syncio\runners.py", 
line 118, in run
    return self._loop.
run_until_complete(tas
k)
  File "C:\Program Fil
es\WindowsApps\PythonS
oftwareFoundation.Pyth
on.3.13_3.13.2544.0_x6
4__qbz5n2kfra8p0\Lib\a
syncio\base_events.py"
, line 712, in 
run_until_complete
    self.run_forever()
  File "C:\Program Fil
es\WindowsApps\PythonS
oftwareFoundation.Pyth
on.3.13_3.13.2544.0_x6
4__qbz5n2kfra8p0\Lib\a
syncio\base_events.py"
, line 683, in 
run_forever
    self._run_once()
  File "C:\Program Fil
es\WindowsApps\PythonS
oftwareFoundation.Pyth
on.3.13_3.13.2544.0_x6
4__qbz5n2kfra8p0\Lib\a
syncio\base_events.py"
, line 2042, in 
_run_once
    handle._run()
  File "C:\Program Fil
es\WindowsApps\PythonS
oftwareFoundation.Pyth
on.3.13_3.13.2544.0_x6
4__qbz5n2kfra8p0\Lib\a
syncio\events.py", 
line 89, in _run
    self._context.run(
self._callback, 
*self._args)
  File "\\wsl.localhos
t\Ubuntu\home\raver197
5\L.O.V.E\verify_socia
l_revamp.py", line 
74, in test_autonomous
_post_generation
    result = await man
age_bluesky(action="po
st")
  File "\\wsl.localhos
t\Ubuntu\home\raver197
5\L.O.V.E\core\tools_l
egacy.py", line 259, 
in manage_bluesky
    context_str = memo
ry_manager.retrieve_hi
erarchical_context(
  File "C:\Program Fil
es\WindowsApps\PythonS
oftwareFoundation.Pyth
on.3.13_3.13.2544.0_x6
4__qbz5n2kfra8p0\Lib\u
nittest\mock.py", 
line 1169, in __call__
    return self._mock_
call(*args, **kwargs)
  File "C:\Program Fil
es\WindowsApps\PythonS
oftwareFoundation.Pyth
on.3.13_3.13.2544.0_x6
4__qbz5n2kfra8p0\Lib\u
nittest\mock.py", 
line 1173, in 
_mock_call
    return self._execu
te_mock_call(*args, 
**kwargs)
  raise 
AttributeError(name)
RuntimeWarning: 
Enable tracemalloc to 
get the object 
allocation traceback
E
======================
======================
======================
====
ERROR: test_autonomous
_post_generation (__ma
in__.TestManageBluesky
.test_autonomous_post_
generation)
----------------------
----------------------
----------------------
----
Traceback (most 
recent call last):
  File "\\wsl.localhos
t\Ubuntu\home\raver197
5\L.O.V.E\core\tools_l
egacy.py", line 263, 
in manage_bluesky
    core.logging.log_e
vent(f"\U0001f9e0 
Retrieved Memory 
Context: 
{len(context_str)} 
chars", "INFO")
    ^^^^^^^^^^^^
AttributeError: 
module 'core' has no 
attribute 'logging'

During handling of 
the above exception, 
another exception 
occurred:

Traceback (most 
recent call last):
  File "C:\Program Fil
es\WindowsApps\PythonS
oftwareFoundation.Pyth
on.3.13_3.13.2544.0_x6
4__qbz5n2kfra8p0\Lib\a
syncio\runners.py", 
line 118, in run
    return self._loop.
run_until_complete(tas
k)
           ~~~~~~~~~~~
~~~~~~~~~~~~~~~~~~^^^^
^^
  File "C:\Program Fil
es\WindowsApps\PythonS
oftwareFoundation.Pyth
on.3.13_3.13.2544.0_x6
4__qbz5n2kfra8p0\Lib\a
syncio\base_events.py"
, line 725, in 
run_until_complete
    return 
future.result()
           
~~~~~~~~~~~~~^^
  File "\\wsl.localhos
t\Ubuntu\home\raver197
5\L.O.V.E\verify_socia
l_revamp.py", line 
74, in test_autonomous
_post_generation
    result = await man
age_bluesky(action="po
st")
             ^^^^^^^^^
^^^^^^^^^^^^^^^^^^^^^^
^^^^
  File "\\wsl.localhos
t\Ubuntu\home\raver197
5\L.O.V.E\core\tools_l
egacy.py", line 265, 
in manage_bluesky
    core.logging.log_e
vent(f"Failed to 
retrieve memory 
context for Bluesky: 
{e}", "WARNING")
    ^^^^^^^^^^^^
AttributeError: 
module 'core' has no 
attribute 'logging'

======================
======================
======================
====
ERROR: 
test_manual_post (__ma
in__.TestManageBluesky
.test_manual_post)
----------------------
----------------------
----------------------
----
Traceback (most 
recent call last):
  File "C:\Program Fil
es\WindowsApps\PythonS
oftwareFoundation.Pyth
on.3.13_3.13.2544.0_x6
4__qbz5n2kfra8p0\Lib\a
syncio\runners.py", 
line 118, in run
    return self._loop.
run_until_complete(tas
k)
           ~~~~~~~~~~~
~~~~~~~~~~~~~~~~~~^^^^
^^
  File "C:\Program Fil
es\WindowsApps\PythonS
oftwareFoundation.Pyth
on.3.13_3.13.2544.0_x6
4__qbz5n2kfra8p0\Lib\a
syncio\base_events.py"
, line 725, in 
run_until_complete
    return 
future.result()
           
~~~~~~~~~~~~~^^
  File "\\wsl.localhos
t\Ubuntu\home\raver197
5\L.O.V.E\verify_socia
l_revamp.py", line 
124, in 
test_manual_post
    result = await man
age_bluesky(action="po
st", text="Manual 
text")
             ^^^^^^^^^
^^^^^^^^^^^^^^^^^^^^^^
^^^^^^^^^^^^^^^^^^^^^^
^^
  File "\\wsl.localhos
t\Ubuntu\home\raver197
5\L.O.V.E\core\tools_l
egacy.py", line 309, 
in manage_bluesky
    core.logging.log_e
vent(f"\U0001f98b 
Managing Bluesky: 
Posting 
'{text[:40]}...'", 
"INFO")
    ^^^^^^^^^^^^
AttributeError: 
module 'core' has no 
attribute 'logging'

----------------------
----------------------
----------------------
----
Ran 2 tests in 0.245s

FAILED (errors=2)

--- Testing Autonomous Post Generation ---

--- Testing Manual Post w/ Autonomous Image ---
